// Jest Snapshot v1, https://goo.gl/fbAQLP

exports[`BackDrop component renders the BackDrop feature 1`] = `
<div
  className="backdrop"
  onClick={[Function]}
/>
`;
