// Jest Snapshot v1, https://goo.gl/fbAQLP

exports[`SignUp component renders the two forms; A SIGNUP and SIGNIN form 1`] = `
<main
  className="signUp__signIn"
>
  <div
    className="container"
    id="container"
  >
    <div
      className="form-container sign-up-container"
    >
      <form
        action="#"
        className="signUp__signIn-form"
      >
        <h1>
          Create Account
        </h1>
        <input
          id="first-name"
          name="first-name"
          onChange={[Function]}
          placeholder="First name"
          required={true}
          type="text"
        />
        <input
          id="last-name"
          name="last-name"
          onChange={[Function]}
          placeholder="Last name"
          required={true}
          type="text"
        />
        <input
          id="email"
          name="email"
          onChange={[Function]}
          placeholder="Email"
          required={true}
          type="email"
        />
        <input
          id="username"
          name="username"
          onChange={[Function]}
          placeholder="username"
          required={true}
          type="username"
        />
        <input
          id="password"
          name="password"
          onChange={[Function]}
          placeholder="Password"
          required={true}
          type="password"
        />
        <button
          onClick={[Function]}
        >
          Sign Up
        </button>
      </form>
    </div>
    <div
      className="form-container sign-in-container"
    >
      <form
        action="#"
      >
        <h1>
          Sign in
        </h1>
        <input
          id="user-signin-email"
          name="email"
          onChange={[Function]}
          placeholder="Email"
          required={true}
          type="email"
        />
        <input
          id="user-signin-password"
          name="password"
          onChange={[Function]}
          placeholder="Password"
          required={true}
          type="password"
        />
        <button
          onClick={[Function]}
        >
          Sign In
        </button>
      </form>
    </div>
    <div
      className="overlay-container"
    >
      <div
        className="overlay"
      >
        <div
          className="overlay-panel overlay-left"
        >
          <h1>
            Welcome Back!
          </h1>
          <p>
            To keep connected with us please login with your personal info
          </p>
          <button
            className="ghost"
            id="signIn"
            onClick={[Function]}
          >
            Sign In
          </button>
        </div>
        <div
          className="overlay-panel overlay-right"
        >
          <h1>
            Hello, Friend!
          </h1>
          <p>
            Join us and tour the world as a local
          </p>
          <button
            className="ghost"
            id="signUp"
            onClick={[Function]}
          >
            Sign Up
          </button>
        </div>
      </div>
    </div>
  </div>
</main>
`;
