// Jest Snapshot v1, https://goo.gl/fbAQLP

exports[`Footer component renders the Footer component 1`] = `
<footer>
  Â© Michael Anokye - View 
  <a
    href="https://github.com/michaelanokyej"
  >
    projects
  </a>
</footer>
`;
